[invistory.com/wedding-invitation-premium-f/indexb22e.html]
[backblue.gif]
[fade.gif]
[index.html]
[invistory.com/wp-content/plugins/bdthemes-element-pack/assets/css/bdt-uikit673e.css]
[invistory.com/wp-content/plugins/bdthemes-element-pack/assets/css/ep-helper5125.css]
[invistory.com/wp-includes/css/dist/block-library/style.minbfbf.css]
[invistory.com/wp-content/plugins/embedpress/Gutenberg/dist/blocks.style.builda272.css]
[invistory.com/wedding-invitation-premium-f/feed/index.html]
[invistory.com/wp-content/plugins/ajaxify-wp-post-comment-form/public/css/ajaxify-wp-post-comment-form-public8a54.css]
[invistory.com/wp-content/plugins/copy-the-code/assets/css/copy-the-code605a.css]
[invistory.com/wp-content/plugins/embedpress/assets/css/embedpressbfbf.css]
[invistory.com/wp-content/plugins/quiz-maker/public/css/quiz-maker-publica4f8.css]
[invistory.com/wp-content/plugins/custom-scrollbar/asset/malihu-custom-scrollbar-plugin/jquery.mCustomScrollbar.minbfbf.css]
[invistory.com/wedding-invitation-premium-f/index.html]
[invistory.com/wp-content/plugins/wpforms/assets/css/frontend/classic/wpforms-full.minbefe.css]
[invistory.com/wp-content/themes/twentytwenty/style53cf.css]
[invistory.com/wp-content/themes/twentytwenty/print53cf.css]
[invistory.com/wp-content/plugins/elementor/assets/lib/eicons/css/elementor-icons.mind618.css]
[invistory.com/wp-content/plugins/elementor/assets/css/frontend.minb73d.css]
[invistory.com/wp-content/plugins/elementor/assets/lib/swiper/css/swiper.min48f5.css]
[invistory.com/wp-content/uploads/elementor/css/post-116eaf.css]
[invistory.com/wp-content/plugins/embedpress/assets/css/embedpress-elementor8946.css]
[invistory.com/wp-content/plugins/elementor-pro/assets/css/frontend.min5829.css]
[invistory.com/wp-content/uploads/elementor/css/post-58787836e.css]
[invistory.com/wp-content/plugins/quiz-maker/admin/css/admina4f8.css]
[invistory.com/wp-content/uploads/elementor/css/post-58859836e.css]
[invistory.com/wp-includes/css/dashicons.minbfbf.css]
[invistory.com/wp-content/plugins/embedpress/assets/css/plyrbfbf.css]
[invistory.com/wp-content/plugins/master-addons/assets/fonts/material-icons/material-icons055b.css]
[invistory.com/wp-content/plugins/master-addons/assets/fonts/iconic-fonts/iconic-font.min055b.css]
[invistory.com/wp-content/plugins/master-addons/assets/fonts/simple-line-icons/simple-line-icons055b.css]
[invistory.com/wp-content/plugins/elementor/assets/lib/font-awesome/css/fontawesome.min52d5.css]
[invistory.com/wp-content/plugins/elementor/assets/lib/font-awesome/css/regular.min52d5.css]
[invistory.com/wp-content/plugins/elementor/assets/lib/font-awesome/css/solid.min52d5.css]
[invistory.com/wp-includes/js/jquery/jquery.minaf6c.js]
[invistory.com/wp-includes/js/jquery/jquery-migrate.mind617.js]
[invistory.com/wp-content/plugins/ajaxify-wp-post-comment-form/public/js/ajaxify-wp-post-comment-form-public8a54.js]
[invistory.com/wp-content/plugins/embedpress/assets/js/plyr.polyfilled68b3.js]
[invistory.com/wp-content/themes/twentytwenty/assets/js/index53cf.js]
[invistory.com/wp-content/plugins/elementor-pro/assets/js/page-transitions.min5829.js]
[invistory.com/wp-content/uploads/2020/11/cropped-Favicon-1-32x32.png]
[invistory.com/wp-content/uploads/2020/11/cropped-Favicon-1-192x192.png]
[invistory.com/wp-content/uploads/2020/11/cropped-Favicon-1-180x180.png]
[invistory.com/wp-content/uploads/2022/03/pexels-soulseeker-1589820-scaled-e1648220880199.jpg]
[invistory.com/wp-content/uploads/2020/11/pexels-studio-negarin-3650423-scaled-e1605686030769-768x768.jpg]
[invistory.com/wp-content/uploads/2023/08/Flower-Orchid-768x724.png]
[invistory.com/wp-content/uploads/2020/11/pexels-studio-negarin-3650423-1-scaled-e1605686005602-768x768.jpg]
[invistory.com/wp-content/uploads/2022/06/Element-Imla-Putra-Divider-Rotate-Invistory-Undangan-Digital.png]
[invistory.com/wp-content/uploads/2020/11/pexels-pixabay-371312-scaled.jpg]
[invistory.com/wp-content/uploads/2020/11/pexels-văn-thắng-1415133-scaled.jpg]
[invistory.com/wp-content/uploads/2020/11/pexels-emma-bauso-2253870-scaled.jpg]
[invistory.com/wp-content/uploads/2020/11/pexels-trung-nguyen-2959192-scaled-e1605339986159.jpg]
[invistory.com/wp-content/uploads/2020/11/pexels-dimitri-kuliuk-949224.jpg]
[invistory.com/wp-content/uploads/2020/11/pexels-kayla-renee-1608590.jpg]
[invistory.com/wp-content/uploads/2020/11/pexels-emma-bauso-3585806-scaled.jpg]
[invistory.com/wp-content/uploads/2022/05/BCA-Logo-Gift-Wedding-Virtual-Invistory-Undangan-Digital-1024x320.png]
[invistory.com/wp-content/uploads/2021/09/handrwan-green-flower-leaf-invistory-undangan-digital.png]
[invistory.com/wp-content/uploads/2021/10/handrwan-green-flower-leaf-left-invistory-undangan-digital.png]
[invistory.com/wedding-invitation-premium-f/_data_image/svg+xml,_svg xmlns=http_/www.w3.org/2000/svg preserveAspectRatio=none overflow=visible h/__/svg_]
[invistory.com/wp-content/uploads/2020/11/cropped-Logo-Panjang.png]
[invistory.com/wp-content/uploads/2020/11/pexels-matthew-5607654-683x1024.jpg]
[invistory.com/wp-content/plugins/bdthemes-element-pack/assets/css/ep-advanced-divider5125.css]
[invistory.com/wp-content/plugins/bdthemes-element-pack/assets/css/ep-timeline5125.css]
[invistory.com/wp-content/plugins/bdthemes-element-pack/assets/css/ep-font5125.css]
[invistory.com/wp-content/plugins/elementor/assets/lib/e-gallery/css/e-gallery.min7359.css]
[invistory.com/wp-content/plugins/bdthemes-element-pack/assets/css/tippy5125.css]
[invistory.com/wp-content/uploads/elementor/css/post-220c7cc.css]
[invistory.com/wp-content/plugins/elementor/assets/lib/animations/animations.minb73d.css]
[invistory.com/wp-content/plugins/master-addons/assets/css/master-addons-stylesbfbf.css]
[invistory.com/wp-content/plugins/elementor/assets/lib/font-awesome/css/brands.min52d5.css]
[invistory.com/wp-content/plugins/wpforms/assets/pro/css/fields/phone/intl-tel-input.minca8e.css]
[invistory.com/wp-content/plugins/copy-the-code/assets/js/copy-the-code605a.js]
[invistory.com/wp-content/plugins/dynamicconditions/Public/js/dynamic-conditions-public1f22.js]
[invistory.com/wp-content/plugins/embedpress/assets/js/pdfobject.min8946.js]
[invistory.com/wp-content/plugins/embedpress/assets/js/initplyr8946.js]
[invistory.com/wp-content/plugins/embedpress/assets/js/front8946.js]
[invistory.com/wp-content/plugins/embedpress/assets/js/vimeo-player8946.js]
[invistory.com/wp-includes/js/dist/vendor/lodash.minf492.js]
[invistory.com/wp-includes/js/dist/vendor/regenerator-runtime.min3937.js]
[invistory.com/wp-includes/js/dist/vendor/wp-polyfill.min2c7c.js]
[invistory.com/wp-includes/js/dist/vendor/react.minbc7c.js]
[invistory.com/wp-includes/js/dist/hooks.mincbb5.js]
[invistory.com/wp-includes/js/dist/deprecated.min7e39.js]
[invistory.com/wp-includes/js/dist/dom.min5bbc.js]
[invistory.com/wp-includes/js/dist/vendor/react-dom.minbc7c.js]
[invistory.com/wp-includes/js/dist/escape-html.min7a51.js]
[invistory.com/wp-includes/js/dist/element.min6838.js]
[invistory.com/wp-includes/js/dist/is-shallow-equal.min2076.js]
[invistory.com/wp-includes/js/dist/i18n.min771a.js]
[invistory.com/wp-includes/js/dist/keycodes.min0597.js]
[invistory.com/wp-includes/js/dist/priority-queue.min5ca8.js]
[invistory.com/wp-includes/js/dist/compose.min0fbb.js]
[invistory.com/wp-includes/js/dist/redux-routine.min5bcb.js]
[invistory.com/wp-includes/js/dist/data.mincc58.js]
[invistory.com/wp-content/plugins/embedpress/assets/js/ads8946.js]
[invistory.com/wp-content/plugins/embedpress/assets/js/documents-viewer-script8946.js]
[invistory.com/wp-content/plugins/custom-scrollbar/asset/malihu-custom-scrollbar-plugin/jquery.mCustomScrollbar.concat.minbfbf.js]
[invistory.com/wp-content/plugins/custom-scrollbar/asset/js/custom-scrollbar-enabler.minbfbf.js]
[invistory.com/wp-content/plugins/elementor-pro/assets/lib/instant-page/instant-page.min5829.js]
[invistory.com/wp-content/plugins/elementor/assets/lib/waypoints/waypoints.min05da.js]
[invistory.com/wp-content/plugins/premium-addons-for-elementor/assets/frontend/min-js/anime.min578a.js]
[invistory.com/wp-content/plugins/premium-addons-for-elementor/assets/frontend/min-js/premium-floating-effects.min578a.js]
[invistory.com/wp-content/plugins/bdthemes-element-pack/assets/js/bdt-uikit.min673e.js]
[invistory.com/wp-content/plugins/elementor/assets/js/webpack.runtime.minb73d.js]
[invistory.com/wp-content/plugins/elementor/assets/js/frontend-modules.minb73d.js]
[invistory.com/wp-includes/js/jquery/ui/core.min0028.js]
[invistory.com/wp-content/plugins/elementor/assets/js/frontend.minb73d.js]
[invistory.com/wp-content/plugins/bdthemes-element-pack/assets/js/modules/ep-advanced-divider.min5125.js]
[invistory.com/wp-content/plugins/bdthemes-element-pack/assets/vendor/js/timeline.min.js]
[invistory.com/wp-content/plugins/bdthemes-element-pack/assets/js/modules/ep-timeline.min5125.js]
[invistory.com/wp-content/plugins/elementor/assets/lib/e-gallery/js/e-gallery.min7359.js]
[invistory.com/wp-content/plugins/bdthemes-element-pack/assets/vendor/js/popper.min.js]
[invistory.com/wp-content/plugins/bdthemes-element-pack/assets/vendor/js/tippy.all.min.js]
[invistory.com/wp-content/plugins/bdthemes-element-pack/assets/js/modules/ep-tooltip.min5125.js]
[invistory.com/wp-content/plugins/e-addons-copy-paste/modules/copy-paste/assets/lib/clipboard.js/clipboard.min.js]
[invistory.com/wp-content/plugins/e-addons-copy-paste/modules/copy-paste/assets/js/e-addons-copy-btn.js]
[invistory.com/wp-content/plugins/akismet/_inc/akismet-frontend7a8c.js]
[invistory.com/wp-content/plugins/bdthemes-element-pack/assets/js/common/helper.min5125.js]
[invistory.com/wp-content/plugins/elementor-pro/assets/js/webpack-pro.runtime.min5829.js]
[invistory.com/wp-content/plugins/elementor-pro/assets/js/frontend.min5829.js]
[invistory.com/wp-content/plugins/elementor-pro/assets/js/elements-handlers.min5829.js]
[invistory.com/wp-includes/js/underscore.minb37e.js]
[invistory.com/wp-includes/js/wp-util.minbfbf.js]
[invistory.com/wp-content/plugins/wpforms/assets/js/integrations/elementor/frontend.minbefe.js]
[invistory.com/wp-content/plugins/master-addons/assets/js/plugins055b.js]
[invistory.com/wp-content/plugins/master-addons/assets/js/master-addons-scripts055b.js]
[invistory.com/wp-content/plugins/wpforms/assets/js/wpforms.minbefe.js]
[invistory.com/wp-content/plugins/wpforms/assets/pro/js/wpforms-conditional-logic-fields.minbefe.js]
[invistory.com/wp-content/plugins/wpforms/assets/pro/lib/intl-tel-input/jquery.intl-tel-input.minca8e.js]
[invistory.com/wp-content/plugins/wpforms/assets/lib/jquery.validate.min7e9d.js]
[invistory.com/wp-content/plugins/wpforms/assets/lib/jquery.inputmask.minb4c5.js]
[invistory.com/wp-content/plugins/wpforms/assets/js/utils.minbefe.js]
[invistory.com/wedding-invitation-premium-f/indexb22e.html]
[invistory.com/wedding-invitation-premium-f/index.html]
[invistory.com/wp-content/plugins/bdthemes-element-pack/assets/css/bdt-uikit673e.css]
[invistory.com/wp-content/plugins/bdthemes-element-pack/assets/css/ep-helper5125.css]
[invistory.com/wp-includes/css/dist/block-library/style.minbfbf.css]
[invistory.com/wp-content/plugins/embedpress/Gutenberg/dist/blocks.style.builda272.css]
[invistory.com/wp-content/plugins/ajaxify-wp-post-comment-form/public/css/ajaxify-wp-post-comment-form-public8a54.css]
[invistory.com/wp-content/plugins/copy-the-code/assets/css/copy-the-code605a.css]
[invistory.com/wp-content/plugins/embedpress/assets/css/embedpressbfbf.css]
[invistory.com/wp-content/plugins/quiz-maker/public/images/correct.png]
[invistory.com/wp-content/plugins/quiz-maker/public/images/wrong.png]
[invistory.com/wp-content/plugins/quiz-maker/public/css/quiz-maker-publica4f8.css]
[invistory.com/wp-content/plugins/custom-scrollbar/asset/malihu-custom-scrollbar-plugin/mCSB_buttons.png]
[invistory.com/wp-content/plugins/custom-scrollbar/asset/malihu-custom-scrollbar-plugin/jquery.mCustomScrollbar.minbfbf.css]
[invistory.com/wp-content/plugins/wpforms/assets/css/frontend/classic/wpforms-full.minbefe.css]
[invistory.com/wp-content/themes/twentytwenty/assets/fonts/inter/Inter-upright-var.woff2]
[invistory.com/wp-content/themes/twentytwenty/style53cf.css]
[invistory.com/wp-content/themes/twentytwenty/assets/fonts/inter/Inter-italic-var.woff2]
[invistory.com/wp-content/themes/twentytwenty/print53cf.css]
[invistory.com/wp-content/plugins/elementor/assets/lib/eicons/css/elementor-icons.mind618.css]
[invistory.com/wp-content/plugins/elementor/assets/css/frontend.minb73d.css]
[invistory.com/wp-content/plugins/elementor/assets/lib/swiper/css/swiper.min48f5.css]
[invistory.com/wp-content/uploads/elementor/css/post-116eaf.css]
[invistory.com/wp-content/plugins/embedpress/assets/css/embedpress-elementor8946.css]
[invistory.com/wp-content/plugins/elementor-pro/assets/css/frontend.min5829.css]
[invistory.com/wp-content/uploads/2022/05/Background-Overlay-Marble-Blcak-White-3-Invistory-Undangan-Digital-Scaled-scaled.jpg]
[invistory.com/wp-content/uploads/2023/08/Flower-Corner-Bottom-Leftt-Black-White.png]
[invistory.com/wp-content/uploads/2023/08/Flower-Corner-Top-Right-Black-White.png]
[invistory.com/wp-content/uploads/2023/07/Flower-Corner-Navy-Blue-2.png]
[invistory.com/wp-content/uploads/2023/07/Flower-Corner-Navy-Blue.png]
[invistory.com/wp-content/uploads/elementor/css/post-58787836e.css]
[invistory.com/wp-content/plugins/quiz-maker/admin/css/admina4f8.css]
[invistory.com/wp-content/uploads/elementor/css/post-58859836e.css]
[invistory.com/wp-includes/css/dashicons.minbfbf.css]
[invistory.com/wp-content/plugins/embedpress/assets/css/plyrbfbf.css]
[invistory.com/wp-content/plugins/master-addons/assets/fonts/material-icons/material-icons.ttf]
[invistory.com/wp-content/plugins/master-addons/assets/fonts/material-icons/material-icons.woff]
[invistory.com/wp-content/plugins/master-addons/assets/fonts/material-icons/material-icons055b.css]
[invistory.com/wp-content/plugins/master-addons/assets/fonts/material-icons/material-icons.svg]
[invistory.com/wp-content/plugins/master-addons/assets/fonts/iconic-fonts/iconic-font.woff2]
[invistory.com/wp-content/plugins/master-addons/assets/fonts/iconic-fonts/iconic-font.woff]
[invistory.com/wp-content/plugins/master-addons/assets/fonts/iconic-fonts/iconic-font.min055b.css]
[invistory.com/wp-content/plugins/master-addons/assets/fonts/iconic-fonts/iconic-font.ttf]
[invistory.com/wp-content/plugins/master-addons/assets/fonts/simple-line-icons/Simple-Line-Iconsb26c.woff2]
[invistory.com/wp-content/plugins/master-addons/assets/fonts/simple-line-icons/Simple-Line-Iconsb26c.eot]
[invistory.com/wp-content/plugins/master-addons/assets/fonts/simple-line-icons/Simple-Line-Iconsb26c.ttf]
[invistory.com/wp-content/plugins/master-addons/assets/fonts/simple-line-icons/Simple-Line-Iconsb26c.woff]
[invistory.com/wp-content/plugins/master-addons/assets/fonts/simple-line-icons/simple-line-icons055b.css]
[invistory.com/wp-content/plugins/elementor/assets/lib/font-awesome/css/fontawesome.min52d5.css]
[invistory.com/wp-content/plugins/elementor/assets/lib/font-awesome/css/regular.min52d5.css]
[invistory.com/wp-content/plugins/elementor/assets/lib/font-awesome/css/solid.min52d5.css]
[invistory.com/wp-includes/js/jquery/jquery.minaf6c.js]
[invistory.com/wp-includes/js/jquery/jquery-migrate.mind617.js]
[invistory.com/wp-content/plugins/ajaxify-wp-post-comment-form/public/js/ajaxify-wp-post-comment-form-public8a54.js]
[invistory.com/wp-content/plugins/embedpress/assets/js/plyr.polyfilled68b3.js]
[invistory.com/wp-content/themes/twentytwenty/assets/js/index53cf.js]
[invistory.com/wp-content/plugins/elementor-pro/assets/js/page-transitions.min5829.js]
[invistory.com/wedding-invitation-premium-f/_data_image/svg+xml,_svg xmlns=http_/www.w3.org/2000/svg preserveAspectRatio=none overflow=visible h/__/svg_.html]
[invistory.com/wp-content/plugins/bdthemes-element-pack/assets/css/ep-advanced-divider5125.css]
[invistory.com/wp-content/plugins/bdthemes-element-pack/assets/css/ep-timeline5125.css]
[invistory.com/wp-content/plugins/bdthemes-element-pack/assets/css/ep-font5125.css]
[invistory.com/wp-content/plugins/elementor/assets/lib/e-gallery/css/e-gallery.min7359.css]
[invistory.com/wp-content/plugins/bdthemes-element-pack/assets/css/tippy5125.css]
[invistory.com/wp-content/uploads/elementor/css/post-220c7cc.css]
[invistory.com/wp-content/plugins/elementor/assets/lib/animations/animations.minb73d.css]
[invistory.com/wp-content/plugins/master-addons/assets/css/master-addons-stylesbfbf.css]
[invistory.com/wp-content/plugins/elementor/assets/lib/font-awesome/css/brands.min52d5.css]
[invistory.com/wp-content/plugins/master-addons/assets/fonts/simple-line-icons/Simple-Line-Iconsb26c.svg]
[invistory.com/wp-content/plugins/wpforms/assets/pro/images/vendor/intl-tel-input-flags.png]
[invistory.com/wp-content/plugins/wpforms/assets/pro/images/vendor/intl-tel-input-flags@2x.png]
[invistory.com/wp-content/plugins/wpforms/assets/pro/css/fields/phone/intl-tel-input.minca8e.css]
[invistory.com/wp-content/plugins/copy-the-code/assets/js/copy-the-code605a.js]
[invistory.com/wp-content/plugins/dynamicconditions/Public/js/dynamic-conditions-public1f22.js]
[invistory.com/wedding-invitation-premium-f/AcroPDF.PDF]
[invistory.com/wp-content/plugins/embedpress/assets/js/pdfobject.min8946.js]
[invistory.com/wp-content/plugins/embedpress/assets/js/initplyr8946.js]
[invistory.com/wp-content/plugins/embedpress/assets/js/front8946.js]
[invistory.com/wedding-invitation-premium-f/GET]
[invistory.com/wp-content/plugins/embedpress/assets/js/vimeo-player8946.js]
[invistory.com/wp-includes/js/dist/vendor/lodash.minf492.js]
[invistory.com/wp-includes/js/dist/vendor/regenerator-runtime.min3937.js]
[invistory.com/wp-includes/js/dist/vendor/wp-polyfill.min2c7c.js]
[invistory.com/wp-includes/js/dist/vendor/react.minbc7c.js]
[invistory.com/wp-includes/js/dist/hooks.mincbb5.js]
[invistory.com/wp-includes/js/dist/deprecated.min7e39.js]
[invistory.com/wp-includes/js/dist/dom.min5bbc.js]
[invistory.com/wp-includes/js/dist/vendor/react-dom.minbc7c.js]
[invistory.com/wp-includes/js/dist/escape-html.min7a51.js]
[invistory.com/wp-includes/js/dist/element.min6838.js]
[invistory.com/wp-includes/js/dist/is-shallow-equal.min2076.js]
[invistory.com/wp-includes/js/dist/i18n.min771a.js]
[invistory.com/wp-includes/js/dist/keycodes.min0597.js]
[invistory.com/wp-includes/js/dist/priority-queue.min5ca8.js]
[invistory.com/wp-includes/js/dist/compose.min0fbb.js]
[invistory.com/wp-includes/js/dist/redux-routine.min5bcb.js]
[invistory.com/wp-includes/js/dist/data.mincc58.js]
[invistory.com/wp-content/plugins/embedpress/assets/js/ads8946.js]
[invistory.com/wp-content/plugins/embedpress/assets/js/documents-viewer-script8946.js]
[invistory.com/wp-content/plugins/custom-scrollbar/asset/malihu-custom-scrollbar-plugin/jquery.mCustomScrollbar.concat.minbfbf.js]
[invistory.com/wp-content/plugins/custom-scrollbar/asset/js/custom-scrollbar-enabler.minbfbf.js]
[invistory.com/wp-content/plugins/elementor-pro/assets/lib/instant-page/instant-page.min5829.js]
[invistory.com/wp-content/plugins/elementor/assets/lib/waypoints/waypoints.min05da.js]
[invistory.com/wp-content/plugins/premium-addons-for-elementor/assets/frontend/min-js/anime.min578a.js]
[invistory.com/wp-content/plugins/premium-addons-for-elementor/assets/frontend/min-js/premium-floating-effects.min578a.js]
[invistory.com/wp-content/plugins/bdthemes-element-pack/assets/js/bdt-uikit.min673e.js]
[invistory.com/wp-content/plugins/elementor/assets/js/webpack.runtime.minb73d.js]
[invistory.com/wp-content/plugins/elementor/assets/js/frontend-modules.minb73d.js]
[invistory.com/wp-includes/js/jquery/ui/core.min0028.js]
[invistory.com/wedding-invitation-premium-f/$&/index.html]
[invistory.com/wedding-invitation-premium-f/-negative.9a.delayed]
[invistory.com/wp-content/plugins/elementor/assets/js/frontend.minb73d.js]
[invistory.com/wp-content/plugins/bdthemes-element-pack/assets/js/modules/ep-advanced-divider.min5125.js]
[invistory.com/wp-content/plugins/bdthemes-element-pack/assets/vendor/js/timeline.min.js]
[invistory.com/wp-content/plugins/bdthemes-element-pack/assets/js/modules/ep-timeline.min5125.js]
[invistory.com/wp-content/plugins/elementor/assets/lib/e-gallery/js/e-gallery.min7359.js]
[invistory.com/wp-content/plugins/bdthemes-element-pack/assets/vendor/js/popper.min.js]
[invistory.com/wp-content/plugins/bdthemes-element-pack/assets/vendor/js/tippy.all.min.js]
[invistory.com/wp-content/plugins/bdthemes-element-pack/assets/js/modules/ep-tooltip.min5125.js]
[invistory.com/wp-content/plugins/e-addons-copy-paste/modules/copy-paste/assets/lib/clipboard.js/clipboard.min.js]
[invistory.com/wp-content/plugins/e-addons-copy-paste/modules/copy-paste/assets/js/e-addons-copy-btn.js]
[invistory.com/wp-content/plugins/akismet/_inc/akismet-frontend7a8c.js]
[invistory.com/wp-content/plugins/bdthemes-element-pack/assets/js/common/helper.min5125.js]
[invistory.com/wp-content/plugins/elementor-pro/assets/js/webpack-pro.runtime.min5829.js]
[invistory.com/wp-content/plugins/elementor-pro/assets/js/frontend.min5829.js]
[invistory.com/wedding-invitation-premium-f/OPR/index.html]
[invistory.com/wedding-invitation-premium-f/window.location.9b.delayed]
[invistory.com/wp-content/plugins/elementor-pro/assets/js/elements-handlers.min5829.js]
[invistory.com/wp-includes/js/underscore.minb37e.js]
[invistory.com/wp-includes/js/wp-util.minbfbf.js]
[invistory.com/wp-content/plugins/wpforms/assets/js/integrations/elementor/frontend.minbefe.js]
[invistory.com/wp-content/plugins/master-addons/assets/js/plugins055b.js]
[invistory.com/wp-content/plugins/master-addons/assets/js/master-addons-scripts055b.js]
[invistory.com/wedding-invitation-premium-f/assets/pro/lib/intl-tel-input/jquery.intl-tel-input-utils.min.js]
[invistory.com/wp-content/plugins/wpforms/assets/js/wpforms.minbefe.js]
[invistory.com/wp-content/plugins/wpforms/assets/pro/js/wpforms-conditional-logic-fields.minbefe.js]
[invistory.com/wp-content/plugins/wpforms/assets/pro/lib/intl-tel-input/jquery.intl-tel-input.minca8e.js]
[invistory.com/wp-content/plugins/wpforms/assets/lib/jquery.validate.min7e9d.js]
[invistory.com/wp-content/plugins/wpforms/assets/lib/jquery.inputmask.minb4c5.js]
[invistory.com/wp-content/plugins/wpforms/assets/js/utils.minbefe.js]
[invistory.com/wedding-invitation-premium-f/Trident/index.html]
[invistory.com/wp-content/plugins/master-addons/assets/fonts/material-icons/material-icons.eot]
[invistory.com/wp-content/plugins/master-addons/assets/fonts/material-icons/material-icons.svg]
[invistory.com/wp-content/plugins/master-addons/assets/fonts/simple-line-icons/Simple-Line-Iconsb26c.svg]
[invistory.com/wedding-invitation-premium-f/AcroPDF.html]
[invistory.com/wedding-invitation-premium-f/GET.html]
[invistory.com/wedding-invitation-premium-f/$&/index.html]
[invistory.com/wedding-invitation-premium-f/-negative.html]
[invistory.com/wedding-invitation-premium-f/OPR/index.html]
[invistory.com/wedding-invitation-premium-f/window.location.html]
[invistory.com/wedding-invitation-premium-f/assets/pro/lib/intl-tel-input/jquery.intl-tel-input-utils.min.html]
[invistory.com/wedding-invitation-premium-f/Trident/index.html]
